Analyzing rental_bill_detail.page.dart...                       

   info - The private field _isActionLoading could be 'final' - lib\features\bills\rental_vehicle\presentation\pages\rental_bill_detail.page.dart:99:8 - prefer_final_fields
  error - The getter 'bill' isn't defined for the type '_RentalBillContent' - lib\features\bills\rental_vehicle\presentation\pages\rental_bill_detail.page.dart:117:52 - undefined_getter
  error - The method 'checkStatus' isn't defined for the type 'RentalWorkflowCubit' - lib\features\bills\rental_vehicle\presentation\pages\rental_bill_detail.page.dart:120:10 - undefined_method
  error - The getter 'bill' isn't defined for the type '_RentalBillContent' - lib\features\bills\rental_vehicle\presentation\pages\rental_bill_detail.page.dart:120:40 - undefined_getter
warning - The declaration '_startPaymentPolling' isn't referenced - lib\features\bills\rental_vehicle\presentation\pages\rental_bill_detail.page.dart:146:8 - unused_element
   info - 'withOpacity' is deprecated and shouldn't be used. Use .withValues() to avoid precision loss - lib\features\bills\rental_vehicle\presentation\pages\rental_bill_detail.page.dart:350:42 - deprecated_member_use
   info - 'withOpacity' is deprecated and shouldn't be used. Use .withValues() to avoid precision loss - lib\features\bills\rental_vehicle\presentation\pages\rental_bill_detail.page.dart:370:50 - deprecated_member_use
   info - 'withOpacity' is deprecated and shouldn't be used. Use .withValues() to avoid precision loss - lib\features\bills\rental_vehicle\presentation\pages\rental_bill_detail.page.dart:395:54 - deprecated_member_use
   info - 'withOpacity' is deprecated and shouldn't be used. Use .withValues() to avoid precision loss - lib\features\bills\rental_vehicle\presentation\pages\rental_bill_detail.page.dart:398:57 - deprecated_member_use
   info - 'withOpacity' is deprecated and shouldn't be used. Use .withValues() to avoid precision loss - lib\features\bills\rental_vehicle\presentation\pages\rental_bill_detail.page.dart:430:22 - deprecated_member_use
   info - 'withOpacity' is deprecated and shouldn't be used. Use .withValues() to avoid precision loss - lib\features\bills\rental_vehicle\presentation\pages\rental_bill_detail.page.dart:432:41 - deprecated_member_use
   info - 'withOpacity' is deprecated and shouldn't be used. Use .withValues() to avoid precision loss - lib\features\bills\rental_vehicle\presentation\pages\rental_bill_detail.page.dart:453:42 - deprecated_member_use
   info - 'withOpacity' is deprecated and shouldn't be used. Use .withValues() to avoid precision loss - lib\features\bills\rental_vehicle\presentation\pages\rental_bill_detail.page.dart:501:42 - deprecated_member_use
   info - 'withOpacity' is deprecated and shouldn't be used. Use .withValues() to avoid precision loss - lib\features\bills\rental_vehicle\presentation\pages\rental_bill_detail.page.dart:591:42 - deprecated_member_use
   info - 'withOpacity' is deprecated and shouldn't be used. Use .withValues() to avoid precision loss - lib\features\bills\rental_vehicle\presentation\pages\rental_bill_detail.page.dart:663:56 - deprecated_member_use
   info - 'withOpacity' is deprecated and shouldn't be used. Use .withValues() to avoid precision loss - lib\features\bills\rental_vehicle\presentation\pages\rental_bill_detail.page.dart:740:42 - deprecated_member_use
   info - 'withOpacity' is deprecated and shouldn't be used. Use .withValues() to avoid precision loss - lib\features\bills\rental_vehicle\presentation\pages\rental_bill_detail.page.dart:783:42 - deprecated_member_use
  error - Expected a class member - lib\features\bills\rental_vehicle\presentation\pages\rental_bill_detail.page.dart:1133:8 - expected_class_member
  error - Expected a class member - lib\features\bills\rental_vehicle\presentation\pages\rental_bill_detail.page.dart:1134:5 - expected_class_member
  error - Expected a class member - lib\features\bills\rental_vehicle\presentation\pages\rental_bill_detail.page.dart:1134:6 - expected_class_member
  error - The getter 'payWithVisa' isn't defined for the type 'AppLocalizations' - lib\features\bills\rental_vehicle\presentation\pages\rental_bill_detail.page.dart:1145:41 - undefined_getter
  error - Undefined name '_cardNumberController' - lib\features\bills\rental_vehicle\presentation\pages\rental_bill_detail.page.dart:1150:23 - undefined_identifier
  error - The getter 'cardNumber' isn't defined for the type 'AppLocalizations' - lib\features\bills\rental_vehicle\presentation\pages\rental_bill_detail.page.dart:1151:48 - undefined_getter
  error - Undefined name '_cardHolderNameController' - lib\features\bills\rental_vehicle\presentation\pages\rental_bill_detail.page.dart:1162:23 - undefined_identifier
  error - The getter 'cardHolderName' isn't defined for the type 'AppLocalizations' - lib\features\bills\rental_vehicle\presentation\pages\rental_bill_detail.page.dart:1163:48 - undefined_getter
  error - Undefined name '_expiryDateController' - lib\features\bills\rental_vehicle\presentation\pages\rental_bill_detail.page.dart:1176:29 - undefined_identifier
  error - The getter 'expiryDate' isn't defined for the type 'AppLocalizations' - lib\features\bills\rental_vehicle\presentation\pages\rental_bill_detail.page.dart:1177:54 - undefined_getter
  error - Undefined name '_cvvController' - lib\features\bills\rental_vehicle\presentation\pages\rental_bill_detail.page.dart:1190:29 - undefined_identifier
  error - The getter 'cvv' isn't defined for the type 'AppLocalizations' - lib\features\bills\rental_vehicle\presentation\pages\rental_bill_detail.page.dart:1191:54 - undefined_getter
  error - Undefined name 'widget' - lib\features\bills\rental_vehicle\presentation\pages\rental_bill_detail.page.dart:1222:56 - undefined_identifier
  error - The function '_startPaymentPolling' isn't defined - lib\features\bills\rental_vehicle\presentation\pages\rental_bill_detail.page.dart:1229:11 - undefined_function
  error - The function '_onRefresh' isn't defined - lib\features\bills\rental_vehicle\presentation\pages\rental_bill_detail.page.dart:1318:9 - undefined_function
  error - Undefined name '_isActionLoading' - lib\features\bills\rental_vehicle\presentation\pages\rental_bill_detail.page.dart:1361:13 - undefined_identifier
  error - The function 'setState' isn't defined - lib\features\bills\rental_vehicle\presentation\pages\rental_bill_detail.page.dart:1399:5 - undefined_function
  error - Undefined name '_isActionLoading' - lib\features\bills\rental_vehicle\presentation\pages\rental_bill_detail.page.dart:1399:20 - undefined_identifier
  error - Undefined name 'mounted' - lib\features\bills\rental_vehicle\presentation\pages\rental_bill_detail.page.dart:1408:11 - undefined_identifier
  error - The function 'setState' isn't defined - lib\features\bills\rental_vehicle\presentation\pages\rental_bill_detail.page.dart:1408:20 - undefined_function
  error - Undefined name '_isActionLoading' - lib\features\bills\rental_vehicle\presentation\pages\rental_bill_detail.page.dart:1408:35 - undefined_identifier
   info - Don't use 'BuildContext's across async gaps - lib\features\bills\rental_vehicle\presentation\pages\rental_bill_detail.page.dart:1432:54 - use_build_context_synchronously
  error - The function 'setState' isn't defined - lib\features\bills\rental_vehicle\presentation\pages\rental_bill_detail.page.dart:1435:5 - undefined_function
  error - Undefined name '_isActionLoading' - lib\features\bills\rental_vehicle\presentation\pages\rental_bill_detail.page.dart:1435:20 - undefined_identifier
   info - Don't use 'BuildContext's across async gaps - lib\features\bills\rental_vehicle\presentation\pages\rental_bill_detail.page.dart:1474:15 - use_build_context_synchronously
  error - Undefined name 'mounted' - lib\features\bills\rental_vehicle\presentation\pages\rental_bill_detail.page.dart:1482:11 - undefined_identifier
  error - The function 'setState' isn't defined - lib\features\bills\rental_vehicle\presentation\pages\rental_bill_detail.page.dart:1482:20 - undefined_function
  error - Undefined name '_isActionLoading' - lib\features\bills\rental_vehicle\presentation\pages\rental_bill_detail.page.dart:1482:35 - undefined_identifier
   info - 'withOpacity' is deprecated and shouldn't be used. Use .withValues() to avoid precision loss - lib\features\bills\rental_vehicle\presentation\pages\rental_bill_detail.page.dart:1529:56 - deprecated_member_use
  error - Expected a method, getter, setter or operator declaration - lib\features\bills\rental_vehicle\presentation\pages\rental_bill_detail.page.dart:1609:1 - expected_executable

